V3 3
FL C:/Users/ptdec/OneDrive/Documents/MercuryFPGA/led_demo/led_demo.vhd 2019/05/05.14:50:35 P.20131013
EN work/led_demo 1557085838 \
      FL C:/Users/ptdec/OneDrive/Documents/MercuryFPGA/led_demo/led_demo.vhd \
      PB ieee/std_logic_1164 1381692176
AR work/led_demo/rtl 1557085839 \
      FL C:/Users/ptdec/OneDrive/Documents/MercuryFPGA/led_demo/led_demo.vhd \
      EN work/led_demo 1557085838
