--------------------------------------------------------------------------------
Release 14.7 Trace  (nt64)
Copyright (c) 1995-2013 Xilinx, Inc.  All rights reserved.

C:\Xilinx\14.7\ISE_DS\ISE\bin\nt64\unwrapped\trce.exe -intstyle ise -v 3 -s 4
-n 3 -fastpaths -xml sevenseg.twx sevenseg.ncd -o sevenseg.twr sevenseg.pcf
-ucf baseboard.ucf

Design file:              sevenseg.ncd
Physical constraint file: sevenseg.pcf
Device,package,speed:     xc3s200a,vq100,-4 (PRODUCTION 1.42 2013-10-13)
Report level:             verbose report

Environment Variable      Effect 
--------------------      ------ 
NONE                      No environment variables were set
--------------------------------------------------------------------------------

INFO:Timing:2698 - No timing constraints found, doing default enumeration.
INFO:Timing:3412 - To improve timing, see the Timing Closure User Guide (UG612).
INFO:Timing:2752 - To get complete path coverage, use the unconstrained paths 
   option. All paths that are not constrained will be reported in the 
   unconstrained paths section(s) of the report.
INFO:Timing:3339 - The clock-to-out numbers in this timing report are based on 
   a 50 Ohm transmission line loading model.  For the details of this model, 
   and for more information on accounting for different loading conditions, 
   please see the device datasheet.
INFO:Timing:3390 - This architecture does not support a default System Jitter 
   value, please add SYSTEM_JITTER constraint to the UCF to modify the Clock 
   Uncertainty calculation.
INFO:Timing:3389 - This architecture does not support 'Discrete Jitter' and 
   'Phase Error' calculations, these terms will be zero in the Clock 
   Uncertainty calculation.  Please make appropriate modification to 
   SYSTEM_JITTER to account for the unsupported Discrete Jitter and Phase 
   Error.



Data Sheet report:
-----------------
All values displayed in nanoseconds (ns)

Pad to Pad
---------------+---------------+---------+
Source Pad     |Destination Pad|  Delay  |
---------------+---------------+---------+
SW<0>          |A_TO_G<0>      |    9.079|
SW<0>          |A_TO_G<1>      |    8.910|
SW<0>          |A_TO_G<2>      |    9.148|
SW<0>          |A_TO_G<3>      |    8.548|
SW<0>          |A_TO_G<4>      |    9.605|
SW<0>          |A_TO_G<5>      |    8.850|
SW<0>          |A_TO_G<6>      |    9.840|
SW<1>          |A_TO_G<0>      |    9.170|
SW<1>          |A_TO_G<1>      |    8.799|
SW<1>          |A_TO_G<2>      |    9.132|
SW<1>          |A_TO_G<3>      |    8.418|
SW<1>          |A_TO_G<4>      |    9.151|
SW<1>          |A_TO_G<5>      |    8.784|
SW<1>          |A_TO_G<6>      |    9.385|
SW<2>          |A_TO_G<0>      |    9.870|
SW<2>          |A_TO_G<1>      |    9.231|
SW<2>          |A_TO_G<2>      |    9.759|
SW<2>          |A_TO_G<3>      |    8.880|
SW<2>          |A_TO_G<4>      |    9.054|
SW<2>          |A_TO_G<5>      |    9.441|
SW<2>          |A_TO_G<6>      |    9.334|
SW<3>          |A_TO_G<0>      |    9.597|
SW<3>          |A_TO_G<1>      |    9.293|
SW<3>          |A_TO_G<2>      |    9.685|
SW<3>          |A_TO_G<3>      |    8.962|
SW<3>          |A_TO_G<4>      |    9.444|
SW<3>          |A_TO_G<5>      |    9.356|
SW<3>          |A_TO_G<6>      |    9.715|
---------------+---------------+---------+


Analysis completed Sun May 05 15:03:31 2019 
--------------------------------------------------------------------------------

Trace Settings:
-------------------------
Trace Settings 

Peak Memory Usage: 4523 MB



