V3 3
FL C:/Users/ptdec/OneDrive/Documents/MercuryFPGA/toggle/pushbutton.vhd 2019/05/04.13:16:08 P.20131013
EN work/pushbutton 1556993771 \
      FL C:/Users/ptdec/OneDrive/Documents/MercuryFPGA/toggle/pushbutton.vhd \
      PB ieee/std_logic_1164 1381692176 PB ieee/STD_LOGIC_UNSIGNED 1381692179
AR work/pushbutton/pb 1556993772 \
      FL C:/Users/ptdec/OneDrive/Documents/MercuryFPGA/toggle/pushbutton.vhd \
      EN work/pushbutton 1556993771
