V3 3
FL C:/Users/ptdec/OneDrive/Documents/MercuryFPGA/single_led/single_led.vhd 2019/04/13.13:16:40 P.20131013
EN work/single_led 1555179415 \
      FL C:/Users/ptdec/OneDrive/Documents/MercuryFPGA/single_led/single_led.vhd \
      PB ieee/std_logic_1164 1381692176
AR work/single_led/led_on 1555179416 \
      FL C:/Users/ptdec/OneDrive/Documents/MercuryFPGA/single_led/single_led.vhd \
      EN work/single_led 1555179415
