V3 3
FL C:/Users/ptdec/OneDrive/Documents/MercuryFPGA/sevenseg/sevenseg.vhd 2019/05/05.15:03:02 P.20131013
EN work/sevenseg 1557086585 \
      FL C:/Users/ptdec/OneDrive/Documents/MercuryFPGA/sevenseg/sevenseg.vhd \
      PB ieee/std_logic_1164 1381692176
AR work/sevenseg/sseg 1557086586 \
      FL C:/Users/ptdec/OneDrive/Documents/MercuryFPGA/sevenseg/sevenseg.vhd \
      EN work/sevenseg 1557086585
