V3 3
FL C:/Users/ptdec/OneDrive/Documents/MercuryFPGA/slideswitch/slideswitch.vhd 2019/05/05.15:01:09 P.20131013
EN work/slideswitch 1557086472 \
      FL C:/Users/ptdec/OneDrive/Documents/MercuryFPGA/slideswitch/slideswitch.vhd \
      PB ieee/std_logic_1164 1381692176 PB ieee/STD_LOGIC_UNSIGNED 1381692179
AR work/slideswitch/Behavioral 1557086473 \
      FL C:/Users/ptdec/OneDrive/Documents/MercuryFPGA/slideswitch/slideswitch.vhd \
      EN work/slideswitch 1557086472
